// Jest Snapshot v1, https://goo.gl/fbAQLP

exports[`Counter Component It must match the snapshot 1`] = `
<h2>Counter</h2>
<p>1 <sup>2</sup> = 1</p>
<div><button class="button">+1</button><button class="button">-1</button></div>
`;
